#-----------------------------------------------------------
# Vivado v2018.2 (64-bit)
# SW Build 2258646 on Thu Jun 14 20:03:12 MDT 2018
# IP Build 2256618 on Thu Jun 14 22:10:49 MDT 2018
# Start of session at: Fri Jan 11 12:17:56 2019
# Process ID: 2552
# Current directory: D:/j3soon/File/Projects/Clean Projects/Handwritten-Digit-Recognition-Painter/src/Handwritten-Digit-Recognition-Painter.runs/blk_mem_gen_eraser_synth_1
# Command line: vivado.exe -log blk_mem_gen_eraser.vds -product Vivado -mode batch -messageDb vivado.pb -notrace -source blk_mem_gen_eraser.tcl
# Log file: D:/j3soon/File/Projects/Clean Projects/Handwritten-Digit-Recognition-Painter/src/Handwritten-Digit-Recognition-Painter.runs/blk_mem_gen_eraser_synth_1/blk_mem_gen_eraser.vds
# Journal file: D:/j3soon/File/Projects/Clean Projects/Handwritten-Digit-Recognition-Painter/src/Handwritten-Digit-Recognition-Painter.runs/blk_mem_gen_eraser_synth_1\vivado.jou
#-----------------------------------------------------------
source blk_mem_gen_eraser.tcl -notrace
