#-----------------------------------------------------------
# Webtalk v2018.2 (64-bit)
# SW Build 2258646 on Thu Jun 14 20:03:12 MDT 2018
# IP Build 2256618 on Thu Jun 14 22:10:49 MDT 2018
# Start of session at: Fri Jan  4 18:15:18 2019
# Process ID: 20072
# Current directory: D:/j3soon/File/Projects/Clean Projects/Handwritten-Digit-Recognition-Painter/src/Handwritten-Digit-Recognition-Painter.sim/sim_1/behav/xsim
# Command line: wbtcv.exe -mode batch -source D:/j3soon/File/Projects/Clean Projects/Handwritten-Digit-Recognition-Painter/src/Handwritten-Digit-Recognition-Painter.sim/sim_1/behav/xsim/xsim.dir/nn_t_behav/webtalk/xsim_webtalk.tcl -notrace
# Log file: D:/j3soon/File/Projects/Clean Projects/Handwritten-Digit-Recognition-Painter/src/Handwritten-Digit-Recognition-Painter.sim/sim_1/behav/xsim/webtalk.log
# Journal file: D:/j3soon/File/Projects/Clean Projects/Handwritten-Digit-Recognition-Painter/src/Handwritten-Digit-Recognition-Painter.sim/sim_1/behav/xsim\webtalk.jou
#-----------------------------------------------------------
source D:/j3soon/File/Projects/Clean -notrace
